// Jest Snapshot v1, https://goo.gl/fbAQLP

exports[`MoviesList component should render correct 1`] = `
<div
  className="catalog__movies-list"
>
  <article
    className="small-movie-card catalog__movies-card"
    onClick={[Function]}
    onMouseEnter={[Function]}
    onMouseLeave={[Function]}
  >
    <Link
      style={
        Object {
          "color": "unset",
        }
      }
      to="/films/0"
    >
      <div
        className="small-movie-card__image"
      >
        <video
          height="175"
          width="280"
        />
      </div>
      <h3
        className="small-movie-card__title"
      >
        <span
          className="small-movie-card__link"
        >
          The Grand Budapest Hotel
        </span>
      </h3>
    </Link>
  </article>
  <article
    className="small-movie-card catalog__movies-card"
    onClick={[Function]}
    onMouseEnter={[Function]}
    onMouseLeave={[Function]}
  >
    <Link
      style={
        Object {
          "color": "unset",
        }
      }
      to="/films/1"
    >
      <div
        className="small-movie-card__image"
      >
        <video
          height="175"
          width="280"
        />
      </div>
      <h3
        className="small-movie-card__title"
      >
        <span
          className="small-movie-card__link"
        >
          Bohemian Rhapsody
        </span>
      </h3>
    </Link>
  </article>
  <article
    className="small-movie-card catalog__movies-card"
    onClick={[Function]}
    onMouseEnter={[Function]}
    onMouseLeave={[Function]}
  >
    <Link
      style={
        Object {
          "color": "unset",
        }
      }
      to="/films/2"
    >
      <div
        className="small-movie-card__image"
      >
        <video
          height="175"
          width="280"
        />
      </div>
      <h3
        className="small-movie-card__title"
      >
        <span
          className="small-movie-card__link"
        >
          Macbeth
        </span>
      </h3>
    </Link>
  </article>
  <article
    className="small-movie-card catalog__movies-card"
    onClick={[Function]}
    onMouseEnter={[Function]}
    onMouseLeave={[Function]}
  >
    <Link
      style={
        Object {
          "color": "unset",
        }
      }
      to="/films/3"
    >
      <div
        className="small-movie-card__image"
      >
        <video
          height="175"
          width="280"
        />
      </div>
      <h3
        className="small-movie-card__title"
      >
        <span
          className="small-movie-card__link"
        >
          Aviator
        </span>
      </h3>
    </Link>
  </article>
  <article
    className="small-movie-card catalog__movies-card"
    onClick={[Function]}
    onMouseEnter={[Function]}
    onMouseLeave={[Function]}
  >
    <Link
      style={
        Object {
          "color": "unset",
        }
      }
      to="/films/4"
    >
      <div
        className="small-movie-card__image"
      >
        <video
          height="175"
          width="280"
        />
      </div>
      <h3
        className="small-movie-card__title"
      >
        <span
          className="small-movie-card__link"
        >
          We need to talk about Kevin
        </span>
      </h3>
    </Link>
  </article>
  <article
    className="small-movie-card catalog__movies-card"
    onClick={[Function]}
    onMouseEnter={[Function]}
    onMouseLeave={[Function]}
  >
    <Link
      style={
        Object {
          "color": "unset",
        }
      }
      to="/films/5"
    >
      <div
        className="small-movie-card__image"
      >
        <video
          height="175"
          width="280"
        />
      </div>
      <h3
        className="small-movie-card__title"
      >
        <span
          className="small-movie-card__link"
        >
          What We Do in the Shadows
        </span>
      </h3>
    </Link>
  </article>
  <article
    className="small-movie-card catalog__movies-card"
    onClick={[Function]}
    onMouseEnter={[Function]}
    onMouseLeave={[Function]}
  >
    <Link
      style={
        Object {
          "color": "unset",
        }
      }
      to="/films/6"
    >
      <div
        className="small-movie-card__image"
      >
        <video
          height="175"
          width="280"
        />
      </div>
      <h3
        className="small-movie-card__title"
      >
        <span
          className="small-movie-card__link"
        >
          Revenant
        </span>
      </h3>
    </Link>
  </article>
  <article
    className="small-movie-card catalog__movies-card"
    onClick={[Function]}
    onMouseEnter={[Function]}
    onMouseLeave={[Function]}
  >
    <Link
      style={
        Object {
          "color": "unset",
        }
      }
      to="/films/7"
    >
      <div
        className="small-movie-card__image"
      >
        <video
          height="175"
          width="280"
        />
      </div>
      <h3
        className="small-movie-card__title"
      >
        <span
          className="small-movie-card__link"
        >
          Johnny English
        </span>
      </h3>
    </Link>
  </article>
</div>
`;
