// Jest Snapshot v1, https://goo.gl/fbAQLP

exports[`App render correct 1`] = `
<Main
  films={
    Array [
      Object {
        "backgroundImage": "bg-the-grand-budapest-hotel.jpg",
        "description": "In the 1930s, the Grand Budapest Hotel is a popular European ski resort, presided over by concierge Gustave H. (Ralph Fiennes). Zero, a junior lobby boy, becomes Gustave's friend and protege. Gustave prides himself on providing first-class service to the hotel's guests, including satisfying the sexual needs of the many elderly women who stay there. When one of Gustave's lovers dies mysteriously, Gustave finds himself the recipient of a priceless painting and the chief suspect in her murder.",
        "director": "Wes Andreson",
        "genre": "Drama",
        "id": 0,
        "posterImage": "the-grand-budapest-hotel-poster.jpg",
        "previewImage": "fantastic-beasts-the-crimes-of-grindelwald.jpg",
        "previewSrc": "https://upload.wikimedia.org/wikipedia/commons/transcoded/b/b3/Big_Buck_Bunny_Trailer_400p.ogv/Big_Buck_Bunny_Trailer_400p.ogv.360p.webm",
        "ratingCount": 240,
        "ratingScore": 8.9,
        "releaseDate": 2014,
        "runTime": 20,
        "starring": Array [
          "Bill Murray",
          "Edward Norton",
          "Jude Law",
          "Willem Dafoe",
        ],
        "title": "The Grand Budapest Hotel",
      },
      Object {
        "backgroundImage": "bg-the-grand-budapest-hotel.jpg",
        "description": "Lorem ipsum dolor sit amet, consectetur adipiscing elit.",
        "director": "director2",
        "genre": "Comedy",
        "id": 1,
        "posterImage": "the-grand-budapest-hotel-poster.jpg",
        "previewImage": "fantastic-beasts-the-crimes-of-grindelwald.jpg",
        "previewSrc": "https://upload.wikimedia.org/wikipedia/commons/transcoded/b/b3/Big_Buck_Bunny_Trailer_400p.ogv/Big_Buck_Bunny_Trailer_400p.ogv.360p.webm",
        "ratingCount": 1240,
        "ratingScore": 8,
        "releaseDate": 2011,
        "runTime": 30,
        "starring": Array [
          "actor",
          "Edward Norton",
          "Jude Law",
          "Willem Dafoe",
        ],
        "title": "Bohemian Rhapsody",
      },
      Object {
        "backgroundImage": "bg-the-grand-budapest-hotel.jpg",
        "description": "Cras aliquet varius magna, non porta ligula feugiat eget.",
        "director": "director3",
        "genre": "Horror",
        "id": 2,
        "posterImage": "the-grand-budapest-hotel-poster.jpg",
        "previewImage": "fantastic-beasts-the-crimes-of-grindelwald.jpg",
        "previewSrc": "https://upload.wikimedia.org/wikipedia/commons/transcoded/b/b3/Big_Buck_Bunny_Trailer_400p.ogv/Big_Buck_Bunny_Trailer_400p.ogv.360p.webm",
        "ratingCount": 40,
        "ratingScore": 7,
        "releaseDate": 2010,
        "runTime": 50,
        "starring": Array [
          "Bill Murray",
          "actor",
          "Jude Law",
          "Willem Dafoe",
        ],
        "title": "Macbeth",
      },
      Object {
        "backgroundImage": "bg-the-grand-budapest-hotel.jpg",
        "description": "Fusce tristique felis at fermentum pharetra.",
        "director": "director4",
        "genre": "Comedy",
        "id": 3,
        "posterImage": "the-grand-budapest-hotel-poster.jpg",
        "previewImage": "fantastic-beasts-the-crimes-of-grindelwald.jpg",
        "previewSrc": "https://upload.wikimedia.org/wikipedia/commons/transcoded/b/b3/Big_Buck_Bunny_Trailer_400p.ogv/Big_Buck_Bunny_Trailer_400p.ogv.360p.webm",
        "ratingCount": 2240,
        "ratingScore": 1.9,
        "releaseDate": 2012,
        "runTime": 40,
        "starring": Array [
          "Bill Murray",
          "Edward Norton",
          "actor",
          "Willem Dafoe",
        ],
        "title": "Aviator",
      },
      Object {
        "backgroundImage": "bg-the-grand-budapest-hotel.jpg",
        "description": "Aliquam id orci ut lectus varius viverra.",
        "director": "director5",
        "genre": "Crime",
        "id": 4,
        "posterImage": "the-grand-budapest-hotel-poster.jpg",
        "previewImage": "fantastic-beasts-the-crimes-of-grindelwald.jpg",
        "previewSrc": "https://upload.wikimedia.org/wikipedia/commons/transcoded/b/b3/Big_Buck_Bunny_Trailer_400p.ogv/Big_Buck_Bunny_Trailer_400p.ogv.360p.webm",
        "ratingCount": 20,
        "ratingScore": 2.9,
        "releaseDate": 2013,
        "runTime": 20,
        "starring": Array [
          "Bill Murray",
          "Edward Norton",
          "Jude Law",
          "actor",
        ],
        "title": "We need to talk about Kevin",
      },
      Object {
        "backgroundImage": "bg-the-grand-budapest-hotel.jpg",
        "description": "Nullam nunc ex, convallis sed finibus eget, sollicitudin eget ante.",
        "director": "director6",
        "genre": "Drama",
        "id": 5,
        "posterImage": "the-grand-budapest-hotel-poster.jpg",
        "previewImage": "fantastic-beasts-the-crimes-of-grindelwald.jpg",
        "previewSrc": "https://upload.wikimedia.org/wikipedia/commons/transcoded/b/b3/Big_Buck_Bunny_Trailer_400p.ogv/Big_Buck_Bunny_Trailer_400p.ogv.360p.webm",
        "ratingCount": 240,
        "ratingScore": 5.9,
        "releaseDate": 2000,
        "runTime": 31,
        "starring": Array [
          "actor",
          "actor2",
          "Jude Law",
          "Willem Dafoe",
        ],
        "title": "What We Do in the Shadows",
      },
      Object {
        "backgroundImage": "bg-the-grand-budapest-hotel.jpg",
        "description": "Phasellus eros mauris, condimentum sed nibh vitae, sodales efficitur ipsum.",
        "director": "director7",
        "genre": "Comedy",
        "id": 6,
        "posterImage": "the-grand-budapest-hotel-poster.jpg",
        "previewImage": "fantastic-beasts-the-crimes-of-grindelwald.jpg",
        "previewSrc": "https://upload.wikimedia.org/wikipedia/commons/transcoded/b/b3/Big_Buck_Bunny_Trailer_400p.ogv/Big_Buck_Bunny_Trailer_400p.ogv.360p.webm",
        "ratingCount": 245,
        "ratingScore": 4.9,
        "releaseDate": 2001,
        "runTime": 50,
        "starring": Array [
          "Bill Murray",
          "actor",
          "actor2",
          "Willem Dafoe",
        ],
        "title": "Revenant",
      },
      Object {
        "backgroundImage": "bg-the-grand-budapest-hotel.jpg",
        "description": "Sed blandit, eros vel aliquam faucibus, purus ex euismod diam, eu luctus nunc ante ut dui.",
        "director": "director8",
        "genre": "Sci-Fi",
        "id": 7,
        "posterImage": "the-grand-budapest-hotel-poster.jpg",
        "previewImage": "fantastic-beasts-the-crimes-of-grindelwald.jpg",
        "previewSrc": "https://upload.wikimedia.org/wikipedia/commons/transcoded/b/b3/Big_Buck_Bunny_Trailer_400p.ogv/Big_Buck_Bunny_Trailer_400p.ogv.360p.webm",
        "ratingCount": 2440,
        "ratingScore": 8.7,
        "releaseDate": 2004,
        "runTime": 40,
        "starring": Array [
          "Bill Murray",
          "Edward Norton",
          "actor",
          "actor2",
        ],
        "title": "Johnny English",
      },
    ]
  }
  genre="Drama"
  onCardClick={[Function]}
  releaseDate={2014}
  title="The Grand Budapest Hotel"
/>
`;
